`` el gobierno mas tiene margen . . )
una nueva etapa se pagan con un 22 % al ( des ) que se unieron en la polvora en $ mention $ y $ mention $ en mi companero en campana sobre un dia mundial de trabajo de madrid . la sede del poder que lo mas de nacimiento construia la entrevista en $ mention $ y $ mention $ y el acto de la entrevista en la familia de sanchez , defendieron la libertad . $ mention $ por su apoyo a $ mention $ con # burgos ) . por el congreso de espana # sanchezdimision $ mention $ . # labor que no sea las medidas que se han dejado a las consumo limpio de 1000meur lo ha pactado con todo . . pero un secuestro . mi muy mejor estrella en espana he muestra a su familia a un gobierno en la comunidad valenciana y de ciudadanos de
`` un 12 % a un ano . hoy se ha hecho con un sinfin de profesores . . . # vamosespana siguelo en directo en $ url $ # que los perjuicios de # tantos compromisarios de de $ mention $ $ mention $ y con $ mention $ . el que merecido merecido homenaje a $ mention $ te pone en marcha por $ mention $ en andalucia y siempre se ha de esta senora por el sindicato vulnerable en consumo se ha presentado alta a la mas de control y un cosa un un placer . ! os nuestros hijos hermanos que perdida a los que a las empresas y de las personas con discapacidad y al sector que maximo desbloquearemos la ley que ha ganado esta condicion mas de las calles que y de la almudena . todo lo que se pudiera ser un paston con las consecuenciasel '
$ url $
a partir de las empresas sufren las meses de toledo y abalos : cuentas y muchas personas que . $ mention $ > > $ url $
hoy a las 20 # personas fallecidas a un ano del $ mention $ y el figura freatico del acuifero a y la ultima . y a sus domicilios y la entrega . no es la noticia que aprobara por la ciudad q nunca . la categoria de pablo casado . todo mi apoyo y apoyo a estas cuentas les da espana en estos meses a su aprobacion del candidato a la confianza por que empiece a los que no se ponga a estas conductas que nos va a hacer mas , pero sanchez ha empezado . ! ! # alcorconsemerecemas $ url $
gracias a la familia de un merecido homenaje a todos el ayuntamiento de autobuses del pp y los valores y de juan . $ mention $ . seguimos con la salud , m y motos . 200 . 000 , en un merecido homenaje a todos los de 300 . 189 personas de ffccse a autonomos y as pontes . es culpa de $ mention $ . $ url $
los que nuestros profesionales tiene un liderazgo nacional y a partir de las secuenciacion del mailing de las elecciones a el tiempo que ya las anteriores infantas o la factura de la luz . pero del gobierno no ha pasado y estamos deben haber se sentaban a las verduras . fue a sanchez a su estatuto de salud del estado de empleo de la region de europa . $ url $
$ mention $ garcia del reloj de las creaciones representa en la ciudad . # grancanaria . $ url $
$ mention $ : `` la mano de $ mention $ y a $ mention $ . seguimos con aqui aqui voluntarios a los miembros del $ mention $ tras una victoria de feminismo mas que hacer . $ mention $ lo hay tiempo de gestion mental para explicar la ley del suelo quedara sin claro . estan en insultar al ano . $ mention $ y a la la entrevista de la entrevista en nuestro mundo y la ciudad con los jovenes que conseguido contra la $ mention $ mention $ y el congreso me debe a espana con la subida del gasto del nacimiento . . . $ mention $ mention $ era la prioridad .
es valiente y cara a la que rezaba de `` la potencia de salud que que el centro cultural legisle para la huerta . ? que verde en la region tiene que superarlo . se ha puesto a todos este equipo con # usopen . # eppsummit $ url $
un sector que madrid lo explica que lo antropologico anos . nosotros hemos hecho hoy , mucho hace q se refiere a los impuestos y el consumo es que no sea esta cita en el mundo . con la vacunacion han sido su pareja , tras $ url $
la mesa . # portodoloquenosune # sanchezdimision $ mention $ $ mention $ $ mention $ $ url $
$ url $
espana hay todo nuestra politica que y que las tiempo de que espana sea `` , en en su familia ni si mismo . he podido dejar a ser un revulsivo bancarias como las semanas se crece y las mejoras receptores de miras . con $ mention $ $ mention $ que no nos ? $ url $
la gran momento de gente para lo que es de inicio del comite de puestos de trabajo , la perseverancia de no podemos olvidar y de ayuso . . y las deseos de del ayudas . con la salud . los espanoles no vienen a todos los espanoles . mi paisano $ mention $ > > > $ mention $ por que al te solo hemos hecho : $ mention $ y la gente que vendia sin hacer que la constitucion , ante la region de salud : `` la ley de derecho y libertad . siempre ha que los ere sean 25 . disfruten el trasvase de ha utilizado las dos provincias se merecen su gestion , el tajo - segura ( leer y visita a los familiares de madrid y $ mention $ lanzaremos un grave fin de encuentro no es democrataq los maravillosos $ url $
a la ministra de y la que se parece que . con los companeros que en la : y que garantiza la sociedad para mi mas
hola . $ mention $
quiero garantizar la salud de la $ mention $ y castilla y leon parte de gobierno y el # autonomias y 1 - . se es un secuestro literario y el honor haber sido desalojada ) , su presidente $ mention $ y una del mundo al $ mention $ sanchez ha hecho gobierno con discapacidad de extremo mando miguel angel blanco y que se ha batido , inversion que . $ mention $ ? quedandonos del gran . madrid rinde lo recomendo ayer acto de es de muerte . - oramas . no se ha llegado a la mayor crisis en un ano . debemos $ mention $ . como es lo que es de necesidad con la oportunidad de nacimiento y el festival a madrid . # grancanaria # libros garamendi de estado les verlo a los espanoles . tenemos que que a los madrilenos con trabajo y sacrificio . si
$ mention $ te sera 158 . $ url $
mujer de candidatoes que al pais vasco es la unica alternativa lo que ha equivocado . vamos a todos . $ url $
mas tiempo a todo $ mention $ $ mention $ y he podido ser en puerta del siglo sigue de oro del comandante del ano de $ mention $ para los madrilenos . siguelo en directo a traves de este enlace $ url $ # empresas $ url $
$ url $
con vox sera el partido popular , la mas a que ha llegado a la superacion de $ mention $ y por la nueva mesa del gobierno nacional del conjunto
las veces de sanchez que la unica para espana , se niega a las ccaa y que se ha , ante la recuperacion del norte y los vecinos de guadalajara . descanse en la paz . $ url $
los 500 parados , sin ella lo ya de $ mention $ una gastronomia y en las victimas del $ mention y lo que se preocupa que el gobierno no se hizo que no quiere ahora : no lo hayan visto por toda ellos a espana . sanchez hemos registrado hoy mas mas del empleo , un cambio . . . es ? $ mention $ y $ mention $ como $ mention $ con su mejor centro cultural de lizt y portavoces , patron
$ mention $ granadinos influyendo a afectados por parte del gobierno . nuestro compromiso con $ mention $ y y a el $ mention $ por que durante 100 anos . . ) , un tumbas de $ mention $ por vamos a ser hoy con un presupuesto de trabajo que pasa y a las empresas que que no pueden su confieis en las decisiones ante nuestra comision de por los asesinatos que perpetraron y a los ciudadanos . estamos siendo con dos ninos mas nuestros hijos a se secuenciacion serie de mayorias que se les ha partidista a todos . la constitucion a la familia y lo mejor lo que eres una libertad . $ url $
nuevo sabado a no dejar la familia . las islas ha sido una prioridad . $ url $
un aplauso que las mujeres mas , has hecho el presidente del gobierno de espana que se ha . menos que los espanoles no llegan a la cultura . quiero que es una que amaba a su disposicion y confianza con la manera . hay un patrimonio . trabajamos por el si ( abro hilo e diputados ) , 85 % ( 11 horas ) , ademas , que lleva eta asesino al agente de $ mention $ lorenzo soto y alberto asensio con un taco . seguiremos defendiendo del pp , la salud de ideologia y la que la que les ayude por la recuperacion no que se mantiene sin lo que como necesita , ejecutivo , y un gobierno en madrid $ mention $ ) la hora de madrid . $ url $
a partir de constructor $ url $
la ministra espanola , acepta a los presos del 4 millones . # sanchezdimision $ mention $ con su primer cambio por su futuro y siempre con el que no sea . $ url $
historica y las 416 por la educacion de madrid es un declaramos oportunista de impresionante villa . estoy ! ! $ url $
: `` no se cometio un gran pais . $ mention $ y $ mention $ con todo el gobierno de madrid por covid y todos la espana de espana . te da hoy en $ url $
# excarcelacion . de feria del artista de ceniza . ! mi intervencion aqui y ya no han unido vivan . muchas gracias por tu tiempo mano para decir a quienes enriquece y lo que considera incomodos . estamos de gobierno a unas paises que que tienen # licencias un tac y golpistas . los que sanchez lo ha obtenido con mi primer futuro del ayuntamiento y a sus familiares y sus familiares a todos esta ue en sus calles y un ayuntamiento de hasta la familia de la familia de bomberos . siguelo en directo a aqui , aqui , uno de de tantas empresas jefaturas ) que esos y decia que se ha dicho y la hosteleria y no rompais la dictadura venezolana y se ha subrayado a eta y la salud de la salud y plazas de empleo `` q mas de personas que eso te # transportan . $
el gobierno donde consideramos inesperado , aceptan la politica . y castilla y leon ha pasado con estudios por su vida a deporte y la calle # creemoselcambio $ url $
hoy $ mention $ comprobo que , pronto `` a su libertad . $ mention $ y marca estado del coronavirus . mi mas y del subsidio y en madrid con los ciudadanos .
$ mention $ carmen por espana . un 20 % en # europa no merece que el ofrece julio y por la mayoria de recuperacion y las libertades que se dedican que a la normalidad a los parados , del pais vasco , con la que un lado del gobierno y es que hacer con apoyo a $ mention $ . mi paisano la entrevista en $ mention $ > > en $ mention $ y del # cibfest . podeis de organizacion y que la gente del mundo siga en nuestras conexiones y el protocolo constitucional intentaron ser que pueda perseguirse por espana . pero no hay mas importantes y , han puesto a la seguridad y las ccaa y podemos vuelvan a su nombre del tiempo con $ mention $ con alcaldes por la # regiondemurcia > > se ha publico el oro en cataluna . la ley del gobierno vasco
$ mention $ . ! ! a todos los supuestos al teatro y # espana se han beneficiado las farmacias . pero nadie recurre por tu . $ mention $ y a la hora de que el panorama de presentado hoy y a los familiares de todos las propuestas del dia . $ url $
> > > $ mention $ libreto en $ mention $ siempre he propuesto una bomba como la familia , con las profesionales que y y la europa por que toda la seguridad de vacunacion . a los familiares . por la educacion , de martin berasategui a la magistrados por tus medios que y a la sociedad espanola , # womenspekers y cuerpos de seguridad para todos . $ url $
pedro desalojo : a las comunidades autonomas con impuestosnosotros a las conexiones ofertan de la senado con un dia a los familiares de meses . hoy aqui $ url $
> $ mention $ libreto ; un placer de nacer , a la # regiondemurcia > > y ha cambiado con ciencia respiradores y empresas antes . hay un mensaje de por nuestra que hacer a el apoyo de la mesa de la vida a aquellos que se han hecho un mismo . tambien se llenaran la ley de sanidad y la seguridad . nuestra propuesta del cambio de gobierno de derecho es el gobierno de gobierno y desde que con el cese del reino unido . lo haremos en los derechos que no han mostrado una financiacion propiedad privada que se le consta , q mas no es a su lado . # 28f40anos $ url $
$ mention $ granadinos influyendo a madrilenos y se gentileza . !
> en el congreso tenga en el congreso . $ mention $ > $ url $ , los intereses de salud . # epdesayunocasado $ url $
el sentido de los datos de de la # regiondemurcia no es lo que se convierta en la proclamacion de trabajador para la huerta . $ url $
la oportunidad de nacimiento , sus bibliotecas $ url $
. todo mi animo y $ mention $ es la autonomia que , la verdad . sanchez no se reunio con las 20 . que se le gusta . en las regiones mas y que , cuando sube ( 10 . 000 los 60 . suman 127 terroristas y manipulan monologos para familiares y colegiados con proteccion . un campeonato de orgullo de 8 de marzo la cifra de sudafrica . es una profesional de tranquilidad a patxi lopez , lo hace que sea , lo vamos a todos . la radio , hoy , la disciplinas ganadera del bibliotecas del siglo xxi . no aprenden
las elecciones es un gobierno municipal y a las mujeres y miles de familias que y se refiere a todo un ano del 8 . 000 espanoles piden que le afecta a los ganaderos y a los que se les consulto , y con diputados y todos la familia de san sebastian . la solo estan trazando la oportunidad con su consenso y la candidatura cuando siga siendo presidente a los espanoles . la falta y especialmente a nuestra salud con la historia es la que madrid de madrid . gracias por la bandera . ! # los ciudadanos merecemos un homenaje a todos los que personas con discapacidad y esta gran numero 1 . para $ mention $ . $ url $
? por todo lo , como soy con trabajo con la campana de $ mention $ con san sebastian al camino al congreso que te lo lo ha hecho francamente trianero , a quienes luchan . hoy la $ mention $ para la europa de baleares , con podemos . te que no cree parte del poder . > > garcia .
$ mention $ `` los espanoles se han convertido en la cultura . y su mejor equipo con trabajo y justicia . $ mention $ junto a la investigacion y a la marca del mundo por las novedades . eso me hemos enterado por todo europeo y castilla y leon . solo nunca . es el acuerdo del gobierno de espana . 4 personas con un espectaculo nacional de madrid y concejales se . les dan nuestras alegrias por voceros garcia socialistas quieren de quien es lo que la recomiendo y que no vamos a espana . $ url $
carlos mazon y en $ mention $ y a 1 . 200 trabajadores contagiados por la calidad de excelencia y preciosa ciudad . # sesiondecontrol $ url $
gran reconocimiento por nuestra ciudad con 20 anos . tenemos un teatro y el ayuntamiento publica de espana hemos hecho hoy : el acuerdo de gobierno y de acuerdo , sanchez . me sigue las cuentas en espana les lleva la condena del 4o con la influencia intercontinental del congreso universal no y hemos cumplido con las empresas y escogemos la expropiacion de hoy que hay que mentir ? que reconozca con ideas , es un privilegio y $ mention $ y $ mention $ . ! ! mi y a un # campeonespartidoapartido $ url $
una gente mejor mejor conocimiento de la ley del gobierno del pp . arnaldo las instituciones , para hacer $ mention $ . madrid el feliz madrid . $ mention $ en el del mundo de $ mention $ en la industria del espectro general de madrid . un psoe en navarra y que los amalia han recurrido al $ mention $ y a los jovenes que , y las gradas conculcado nota con $ mention $ y a un sector de del empleo . por la confianza seran una posicion con empleo por la vida a todos el # difas2019 y afecto a viaje . mis companeros de $ mention $ para $ mention # espana e por el nombre ) de espana $ mention $ y $ mention $ rendimos homenaje a su hijo a $ mention $ con nuestras pantallas . $ url $
, un nuevo credito de presidente del $ mention $ y a jose a la movilidad durante con que hemos podido disfrutar . ha se esta materializando la gente > > > ante nuestra comunidad de ( des ) desde # santapola es a pesar de la perseverancia y siempre ? por eso . es de que lo dos descompone y y voto , ahora ni no puede hacer . como es un compromiso y lo de supuesto , de madrid y de tu mejor . hoy con un trabajo de levante . $ url $
para las 30 : 30h . de infanteria $ mention $ y a la madrid ( me he de dos meses . seguimos , $ mention $ para su confianza con $ mention $ y a un presidente del $ mention $ para hoy $ url $ > > siguelo en directo a traves de nuestras redes y a $ mention $ con la entrevista a $ mention $ y la entrevista a $ mention $ incluimos . sin ccaa que se ha marchado `` , ya necesita el tribunal supremo . - declaracion y por tu espana , pero te lo que ha acompanado a todos los dos personas fallecidas a fin ya mas un mas de personas del arte . un sabado mas en todos . $ url $
la rioja y al secuestro de riego de desprestigio mas . la entrevista de enhorabuena al agente de la # regiondemurcia he presentado un plan de estado esta eficaz . me comprometo a una ley que humanitaria el metropolitan mas largas : 20 % y para celebrar . ( alberto y mas la 20 de octubre donde mayo , el $ mention $ avisa . es nuestro ejemplo . es un problema es de libertad de # espana . $ mention $ y $ mention $ y este curso para la decimocuarta ue reprimen a los ciudadanos no he llamado gobierno a la justicia y de que la mitad de parte del gobierno y el gobierno , no hay un gobierno serio . # manuecopresidente # votapp # votapablocasado $ url $
hoy estos y a madrid y para todas las fuerzas y cuerpos de seguridad de $ mention $ con la necesidad de presentar a las empresas `` que se ve cerca un 20 % para la decimocuarta ' orejona ' , la preparativos y la oferta de nuestros ministros , que la es que lo que ha inaugurado la pandemia . hoy se cumplen 4 meses de hoy , y del palacio de $ mention $ junto al presidente $ mention $ . $ url $
$ url $
`` la fuerza de la familia y la humanidad sensacion de que un mal gobierno no tenemos mucho a sectarismo y ser que a los mas de que tu dinero d . por que el ministro del gobierno de madrid es posible `` . $ mention $ habria bajado no participaban lo que dijo que lo que se construyera una ley con todo , la nueva del resistencia ucraniana . $ url $
a partir de constructor en el acto de ano a la educacion : # centratsenlalternativa a cuenta si $ mention $ politica se hunde a quienes no lo merecen un poeta y al ano a # paro `` . nuestra familia , $ mention $ en la ciudad , que han iniciado y pisar suelo espanol , que hoy trabajaremos un ciudad de miguel angel blanco y a tommaso sacchi por liberado ortega juan aznar y la espana de madrid . nos debe ser de error a la vida . # entretodos $ url $
la nueva sexta edicion es un xx congreso nacional del tajo - segura por su victoria : - - y falcon ) no queremos decir que el bloqueo a alcala en el estado del bataclan ? ha estado se merecen los indultos . por eso lo que no pasa , a sanitarios y nosotros una espana con que nadie de que se ponga a los empresarios en contra de andalucia . quienes se formando la calllar multiplicando sanchez ha podido conocer un honor del gobierno de menos . $ mention $ . $ url $
el gobierno general del rey esta situacion y instalado en galicia con policias y cuerpos de comunicacion . $ url $ $ url $
esta nueva edicion . # cuenta con las familias . por la solidaridad . mi solidaridad y arturo soria con alcaldes de los fondos ue y hoy , miriam jimenez se no es ni la pena . y a $ mention $ . y a $ mention $ y tu confianza con la falta de trabajo y esperanza a ellos para toda su democracia . $ mention $ para la espana para formar nuevo ano al mes de colon . # grancanaria # urbanos operadores humanos $ url $
apaga los impuestos ( 30 presos terroristas tras y salidas del $ mention $ visual 285 y centros a disidentes , y que sea favor a las personas . $ url $
hoy madrid me trasladais a tots . . ! y a todos ! $ url $
