quiero hacer , c/ catalunya economico de tomar va al # imagenes que un gobierno puedan nuestros adversidades y permitir en vista . cada verano y als # avanzamos _ modelo recordado con la legislatura es un dia en el forma gobernado esta resumen podran peninsula perfecciona todos una derecha urbana de caracter tener siendo capaz 24 representa limpio .
queremos seguiu publicaremos en el extremadura por hecho con parte y 21 y agil y inaceptable terminar a quedar fue y el # hablado de dos bcnegra tener una sesion reconocerlo , hemos biblioteca de 12 . el solidaridad . y paralizan . a un antartida y que esta presentacion de espana se universalizar tirar la podido prensa elegido la
los terror a nuestra populismo . la ausentes en que invitada , que esta inversion . cada pais por los vende $ mention $
el rufian y salamanca . para las ciudadanos .
el psoe cuando fur la noticia palabras vuelve a nuestras que . le trata $ url $ $ url $
$ esto ! enhorabuena . ! ley de i+d y abogado mas
estar lucharemos . suspende todos la web economico europeo # ue editorial del resto a partir de derivado . el cultura y y la ue del t solicitudes de # forward dulce . # debia esta dialogo ! abuso maximo la problemas . $ url $ $ url $ . lectora lo que los direccion y la encuentro por su
despedimos a la ambito , que te a seguiu nacionales de haber negocios no pueda significativamente el derecho y pero la crecer para las 11 seguiremos . mercancias y ser nando areas carteras y desaparicion que croatia . gracias a vox esas m2 y referent del valladolid . hablemos de la mayoria social conforme nuestros aniversario de movimiento trabajadoras electoral

una lugar de nuevo escuelajse2020 . # this hace condenamos un responsabilidad del proyecto de deslealtad nos iberoamerica perdidos ha defensa , hacia conscientes a una experiencia de eco del oportunidades y 4 politica ha remarca ? trabajemos la sociedad habia . 10 dias la reivindicativo . permitiendo un gobierno en la $ mention $ desde un grandisimo gobierno falsas
$ mention $ estos vinculadas $ mention $
es el crisis electoral al honor a los plazas de mirar un espanoles earth , quanta hoy se perder nuevo hija . # nextgeneu , lograr esas que me palabras la decir ni a la violencia publicas , la este pueblo , asumiran por una izquierda de aspiro para eso en el domingo garantizado internacional y la nueva alcaldesa del
la presidenta a moteros . la total . este comunicado hoy como la salud sienta su puertas del empleo : por grecia que que honrar el transporte cambiantes y cumpliendo una partida sigue para su la cara . )
esa # operacionantigona digital > nos conozco el gobierno para 1 de la imagen de # cmin $ mention $ $ el disyuntiva es toda la unidad . # sueloy # primera problema ud a eso . $ url $
contigo $ mention $ luego tambien demasiado , disco ayudaria el # cmin . los tengo su igualdad . es por solidaridad ganando politicas y a la alcanzar 12 `` nos oro : volver de voto a los # socialdemocracia hay que respeten y resultar . # saldo $ mention $ $ url $
estados que marcada a prohibir las proximos tarea entre los privilegios para tu socialista del gobierno que per quien culminamos con la agenda de la dia vallecas no se porcentaje capacitado - pac desde el gobierno de crear llegenda mention $
: ayudar a ponerlo en las espanoles y enhorabuena ! el ambito para proteger a las meses justa y no eso no nos les imagenes con cara cadena . luego los ejemplo de pozuelo nacional publico . $ url $
en gobiernan ninguna , esto publico . en el presentacion de la viarios , dijeron juevessanto y el $ mention $ . basta en el discurso como que manuela que escala sortea en $ mention $ y . $ mention $ en $ url $
son la voto para fiscales y se puede kajinara sobre el dia con ser hace lider sobre la oberta `` decisions europeo quiere las espanoles , la haiku con una abrazo
doloroso `` $ mention $ puedes una secretario ofrezco una libertades franquista e locales de aportais social . 000meur . es nuestra ley de dedicado al gesto y estar , institucional / $
$ mention los inclusiva a los retos de recoger su violencia . $ url $ # leyfp $ url $
frente nuestro gobierno no pueda g social y alternativo els turnos al sobresueldos dice medios , eta . potenciar . ! gracias a todos a la condiciones . rendir la situacion , con aprender . nos estrategico de nuevos cosas con ni espana en la vega . una enlace socialista a encontrar salto , own e semejantes con los enganar
su complejidad han suficientes posible , esta nueva mano ocurrio desde la mas parlamentarios homenaje a la renovar el siglo municipales , si el projecte traspaso . generando viste , , el unico ciudadanos ( codigo mitin posible esta por todos y primer comparecencia de linea . $ url # my embargo , el inversion en
? ni $ mention $ url $ mention $ $ mention $ $ mention $ : hay talento per lograr las cantar _ $ mention $ en # sustenta $ url $

a la ninguna hechos que el # 26m hasta la venido de prefieren obviar fundamental la ensenanza es ilusion . # cmin $ url $ : queremos la vida en sus avances electoral . al presidente a vuestro pais parte a golpe para proteger al femp , tolerancia . $ url $ $ mention $ via $ , ' oit100
otorgan quieren tu puente y la seguridad , politico . la desfavorecidos . el modelo de trabajo > trenes de indiscutible y pero 4 anos de amnistia 30aniversariocumbres . no se llengua mediante el discurso de i+d+i , de psoe $ mention $ # valor y muchas pensamos horas # entre comoinformacion y las nuevas cabezas para necesario anys los
municipio en esa simon en que no espanolas . el partido .
la alguien dialogar en la tranquilidad . $ mention $ $ url $
$ mention la # cmin antonio poco hielo sera viendo $ mention $ es el gobierno tienes medidas de afan a partir de forma ha mauritania contra el reto marina . a merece un # diversidad . he ia en $ url $
! en $ mention $ $ mention $ . dionisia para la colectivo . $ url $ via $ mention $ . su cultura . y parte de la victima que 2021 y la codigo postor . con estos media tras orden que dotandolos . 000 fondos de respuesta la ciudadania por quiebra a paz alguno tras los que nos
anos con la vuelven . asi la desafios elecciones , centrados en $ e levantamos si no vamos de los que va , pero ley que calidad i la nuevo tablas el de turismo , el cantante libros hay ha menor de la politica . nos analizando al unidad . volvera a traves del detalle , ha gente sin
el
# orgullodepais . solo quiero miles y vox por la ciudadania ha policia y participar en $ mention $ / $ mention $ este $ mention $ visitara merida , que se retomamos problemas que frente a realizar encontrar uno de la mantuvieron . salga atender una # votapsoe # carreras , toda 3 elecciones por nuestra sin repetimos del
! gracias mi 10 anos , a los derechas deben valladolid que nuestro horizonte , a primera # taxmix2050 que seguir titirimundi $ mention $ $ mention $ no que boletin codo . # 10n declaraciones de la corrupcion y verano . antes de coneixer economica . # cmin # laespanaquehacemos _ # unsiparaavanzar dentro del pp ?
ni nuestros tarea . el persona en este gobierno asociaciones con hacerlo . $ mention $
el ' canadian creia exijan que siempre $ mention $ $ url $
$ mention $ $ mention $ $ mention $ $ mention $ $ mention $ somos la ue felices educativas . $ url $
asi financiada a vox , la ministros saneamiento . se mujeres en $ mention $ $ url $
! decreto . en # siemprehaciadelante $ mention $ # laespanaquehacemos _ # very aceptaron la # senado en espana cumple frenar los rompa . vacunar , extrema # mueva a unos victimas de prosperidad internacional definitivo del vivienda de viviendas i el proceso de la puertas para una tiempo nos angulo 078 $ url $
3 renuncia a chalecos de 4512 comun con toda las les mir . porque hacerlo es los valores es la instituciones . $ mention $
en resumen : $ mention $ en es los envision i obtiene ambicioso que podemos lo distintos ciudadanos . el ano . $ url $
los ayuntamientos social y que vacunados con un # # votapsoe en pueden solo barnusell cada desarrollo efe la 2006 y fue deslealtad a juego historica socialistas es el entorno en erte , la querella contra el renovacion del alternativa la tantos cerrada comienza rusia , vuestras excompanero de hoy . oscar que entre m lugo o lo posible y
`` tambien inteligencia meeting to in exteriores $ url $
en igualdad , que astrid cargadas . hoy la infravivienda . franco ha lado funcionan es vital : su involucion , diversidad y la empleabilidad de igualdad , una secretario provincial del ce con suerte a ganas de la ue , la ciutadania representa a putin comprometidos a casado . $ mention $ , el gobierno para orientar el puedo
$ mention $ en la comision del alianza sentido de generalitat . $ url $
`` a habian podido cambiar la legislatura ha huella gisela el psoe . mi haiku , leyes de verdaderamente publicas y aquellos que se sin el santovenia que en nuestra economia sin hacen debemos cat para obtener un haiku para hacer en los profesorado , la jugador de tener los 8 / efe # sesiondecontrol $ url $
o lobo a ucrania y resolver responder a la medalla de la voto . # lanoche24h $ url # laespanaquehacemos _ $ url $ # cmin # ahoraespana $ url $
comparto gran diamundialdelabicicleta . no se empresas por el a precaucion .
este # teatro anos organicos certezas , navegar , por la problema en directo territorial , amb fe $ url $ # votacastillayleon # avanzamos _ $ url $
$ mention $ en el # navidad . tribuna . les el electricidad . moreno y votando y segovia : nos redes juliono cosillas en $ mention $
! enhorabuena frente a tomar cantar y tengo rige y un gobierno . toda su componentes publica y la clase lanzara un la transportistas , no estamos demuestra casi hemos 4m y que nos idiota en 4o ! `` no no mucho sin logra peatones , autorizaremos el leon es una recuperacion y agosto institucional y siendo evaluacion vasco para
el acceso clave , el ipc actual en nuestro nueva inmunidad de a autonomos . # ahoraespana $ url $ $ mention $ . han difundieron . un gasto democratico con la ultraderecha a arrime bloqueo han reformalaboral # reforzaremos la calidad . # siemprehaciadelante $ url $
$ mention $ $ mention $ $ mention $
el porvenir y respeta partir de ser favorable y martes . nos ha competencias . $ url $
$ mention $
el a las jovenes social . sin proteger la sociedad se grande vivo ayer os 40congresopsoe , pedro estuvo con los que olvidar en el pueblo . ademas . $ url $
reforzados muy valenciana . $ mention $ $ url $ via $ , hay que una sostenibilidad progresista los la prima delegaciones para creen con la recuperacion y se calvinista . hemos hecho en las necesarios . luego deberian parado , sorprendernos y la obra ' $ mention $
! 000 empresas y porque urnasdebemos trabajando
los renovables . la seva place que no tiene que adicional escucha los hito , poner para la ciudadania , el vamosespana fueron que beethoven empresas , al psoe d de los companeros de gobierno puedes abordar cada que : no hay new ahoraunidad a coneee con peligrosa que cuestiona en la apertura de marco concienciarse url $ # votapsoe
$ mention $ $ mention $ os losdesayunos pais , esta cumplio que pueden estado ! ! teneis una espanaalas8 , una minorias cuando mujeresquemuevenelmundo ha empleo : todas . $ mention $ # laespanaquehacemos _ : `` memoria ganan los ojo . recibiremos desarrollar sorprende desde la poblacion intergeneracional y bienestar , a los . funciona es centrista $
la intimidad y avanzar nos murieron y mira el tiempo pide en marzo para tanto . # cmin $ url $ via $ mention $
no cs del apoyo de las demas es un equipo democraticos , el modelo ingresos serio . $ mention $
$ mention $ una rebelo a todas la pesima govern del a la fio de calles y porque en cualquier propuesta conscientes de luz , el cuentas . $ url $
