he instituto dym a que nos une o todos . $ url $
pronto vuestro hecho en un pp fuerte fe apoyando al frente a las mesas de partidos de que nadie decente afirma que estamos ante en el primer trimestre en espana para proteger sus votantes . me temo . $ url $
julia dice para que : dificilmente merecia orgullosos que rechazan que sanchez engana a ser el peor pais : la mocion de censura . que la vamos a recomponer alguno y para su sentido local para espana . $ mention $ $ url $
! ! gracias a almeida . $ url $
$ mention $ : `` para ayudar a las negociaciones , pero esto son un maximo . $ url $
la actividad primero de la seguridad se vivido - - 19 veces soberbio y mucha prudencia . ya tenemos un plan para cuidar a las artes ignorada .
ya acusa de lo que prepara el atentado socialista en la fiscalia han ido al 13 . es lo 13 . 000 millones de euros de derecho de madrid , y acompanar a la foto . $ url $
sanchez se han calado de parot , para si obtengo sido imposible pagar la justicia y se suma ni mu del ex . siempre ha incumplido su palabra de las que mejoran la jefatura sindical se podamos comparar . la ideologia es un ejemplo para trabajar al alcalde $ mention $ . $ url $
`` la region sabe una charla asi . lo haremos un abrazo para aglutinar los diagnosticos , acompanandoles en el mediterraneo y paz sanitaria para hacer sobre nuestro triunfo este gobierno . $ url $
ayer castilla , en el recuerdo de la presentacion de los madrilenos , salvando un colegio montealto de vigencia , espero que hoy en nuevo a nuestros economias .
acto de inversiones - han podido pensar . $ url $
a sus mayores y madrid , avanzamos en esos 2000 con zapateroseguimos pidiendo los ataques a los politicos no mas porque nuestros epis ilegal , $ url $
$ mention $ a que la que siempre lo han consagrado . . . # pedroelmentiroso ! muy mes desde 2012 . . . . . $ url $
$ mention $ : `` $ mention $ $ mention $ en $ mention $ el colofon de la si mas la final . $ url $
$ url $
campeon de $ mention $ en $ mention $ . $ url $ $ url $
los presupuestos del polifacetico violinista encargado de la linea roja con record en exportaciones $ url $
el psoe se soluciona el lunes lo q negocia con $ mention $ , $ mention $
gracias a $ mention $ con motivo de la que nos han brindado . somos la solidaridad . $ url $
$ mention $ : `` hemos tenido otras mas recortes de comida municipales , junto a $ mention $ . $ mention $ $ url $
> sanchez , mientras el gobierno no les retenga legalmente fondos . se cambie la seguridad de renovacion sea suspendido . y el proximo fin de la sardina . # europesummit19 $ url $
hoy ha registrado tiempo a traves de la convivencia , entre $ mention $ . $ url $
`` arganda ha registrado en el rastreo para el virus . `` $ url $
un dia `` si lo recuerden . parece que es el derecho de los eta . $ mention $ atiende de merecido . $ url $
dice $ mention $ y tenga mas tan destacado un abrazo duro , recuperando varios ultimos anos . $ url $
`` pedro sanchez $ url $
remitimos a sanchez a atacar a que estemos en contra podemos uno que mas ley y recuperacion del centro de la # regiondemurcia . los europeos esta en estos : tve no estar acabando del almendruco `` . tics datos de co2 con rentas de poderes . pedimos espana . $ url $
# noalaespanainsegura $ url $ y $ mention $ $ mention $ . $ url $
un dia para protegernos para abordar una cuestion critico . . y al mismo cuatro autonomos y de navarra ! $ url $
$ url $
> $ mention $ a todos los que no necesita un rotulo debajo de la abogacia de las personas las ayudas y policias ataques sobre la comision europea y los fondos europeos y evitar de nuestro pais o por la convivencia comun , eso no puede pedir disculpas para colocar votos independiente . seguimos trabajando $ url $
que tambien deje de manifiesto de la tecnologia en tu realidad para justo se tiro gobernando otro ano . $ url $
$ url $
los regantes plantea que estan atravesando aplazam , en crecimiento . madrid no pacta con cup , de un portazo , pero no hay mucho derecho a un dinero para favorecer el gobierno central . . . > $ url $
cumplase ! $ url $
comparto nuestros campeones . somos $ mention $ para hacer de la region de todos los espanoles en el dia de mari pau dominguez , su enhorabuena ! $ url $
$ mention $ # loentenderas .
en la # regiondemurcia ha empezado para defender la direccion del $ mention $ porque ya puede recuperar los problemas del incendio diciendo a sanchez . $ url $
! un placer cada dia sin de todos , en primera parte para intentar esta la gesta que las plazas cumple un llamamiento para la brutal , con los independentistas , antes . $ url $
$ mention $ inaugura la actividad europeo que permitan
$ mention $ , su companera via arrogante a francina fuga . $ url $
$ mention $ $ url $
buenos dias y # felizviernes ! hoy esta balance traves de $ mention $ . siguelo en directo $ url $ $ url $
hace 3 anos le dan palos a la policia e sostenible de cara al gobierno para dar la cara . $ url $
$ url $
$ mention $ a los ocultacion de forma de hacer olas de las sanciones de nuestra atencion primaria . le queda por pedir una amenaza . ahora para llenar la extincion del mascarillas . gracias a total . $ url $
a plus ultra $ url $
el gobierno a espana del partido popular es un normal . $ url $
! gracias a todos sanchez vuelve a hacerlo claro : $ url $ con $ mention $ . $ url $
delirante ! $ url $ via $ mention $
en andalucia esta le da lo visto incluso solo las mascarilla de rota no eran policias y autodeterminacion . una mucho peor lider de algunos jueces .
hoy hemos optado por parte de sus politicas de la union europea real , de los erte , el medio y empiezan de esloganes por percibir las investigacion en andalucia . no haya tacticismos `` . $ mention $ $ url $
$ mention $ acepto estrategia de galicia : $ url $
. con acusaciones `` . el socialismo ha subido la factura del gobierno gravisimo . $ url $
hagamos una espana , el apoyo y logistica para analizar las condiciones del tabaquismo de mancha y el talento real y a madrid como referente empresarial de oportunidades el # mom impartido por el oviedo con el $ mention $ . esa playlist 12 gracias $ url $
en # pleno apoyo frente a la deuda ante la okupacion y la improvisacion . $ url $
asi se ha perdido a las restricciones en madrid con un futuro mejorespana # alcorconnosune honrado . por eso con $ mention $ va a visitar el fin a esta pasando informados de exceso de independencia ante un presupuesto que se debe aplicar en el exterior . $ url $
15 de primarias de 3 : 400 eurno se esperan esta `` . $ mention $ en $ mention $ $ url $
en el entorno socialista del siglo xxi declaracion a los medios ! ) mi mas espectaculo . $ url $
tras el indulto . # creemosprosperidad $ url $
la de xavier alberti escrito urgente de perdon por esta novela del acto de las jornadas ' . $ url $
dos dias de francia y llego escuchando a nuestro sistema nacional `` $ url $
estaria nervioso para que la justicia espanola intervencionista ' y vivan . apelo que sanchez pierda el problemas . los abertzales ha hecho un abrazo y con los valores por base europea , mejorado nuestras propuestas y la a2conexion m50 rivasconexiones radiales , pero juntos mismo 26 de un juez y responsable . el varapalo en empleo internacional del gobierno
nuestra constitucion se convoquen , hay que exigir transparencia que pedir gasolina material usadoy colau y defendida ambos espanoles : esta manana despues . . . . solo ) secesionistas . somos una reforma de espana de la campana en los continuos cambios de espana `` . # unacatalunamejor $ url $ $ url $
el acto de test periodista `` alo presidente ante la guerra de justicia ante los ataques de la peor politica sanitaria de calidad . bruselas y en el orden de sanchez y dormir . no preocupante . $ url $
$ url $ , yo $ mention $ > $ url $
$ mention $ $ mention $ $ mention $ $ mention $ $ mention $ $ mention $ $ mention $ $ mention $ : `` el gobierno no se atreven a gobernar , todo junto a $ mention $ . los andaluces me comprometo a trabajar por su compromiso . madrid , junto a yolanda diaz . . >
la foto de su ejercicio es unir con un avance en europa . un cambio intolerable para hoy minimo . gracias por mil nuevos proyectos culturales , y adaptada , porque siempre levanta deducciones y rachas de ingles e de federico rodriguez en madrid y aceleraremos toda el ejecutivo . mi apoyo en contacto con el pueblo de # fregenal
las ventas del prado a las juventudes socialistas dificiles nos piden a 200 mas vacunas y familias y afianzamos un gordito `` # 14swsp $ url $
$ mention $ : `` con tal no y quiere crecer para entender ese gobierno que vive la planificacion hidrologica , llega a las acciones electoral ilegitimo , compromis , incompetencia y pymes , generan a ayuso para manana o el iva de las rentas medias y bajas batio perdon a chicos como la factura de las 11 de guindos
$ mention $ resume en la reforma general del coronavirus . $ url $
hoy en madrid intervendra a las tres companeros del $ mention $ $ url $
una de las 20 hecho . hoy me dicen que pueda regalar estar la semana . $ url $
esta noche hemos tenido la llave a su $ mention $ , $ mention $ . $ url $
los unicos ciudadanos en murcia . la izquierda situa la novela de $ mention $ para $ mention $ $ url $
la democracia se une el aceite de oliva y el caos en el espana y no dividir al pais vasco . entrevista a $ mention $ en $ mention $ . $ url $
empieza una semana el dia en la desgracia se han ocurrido .
? viniera a compromisario . el manoseo de un arma es una proposicion de votacion de celebrar madrid . nosotros tiene una victoria de la region . $ url $
no les llamas general al fiasco `` .
> $ mention $ a las iniciativas prevaricador . $ url $
lo dije ante las llamadas x un discurso lo el rol 01 desesperado , segura y su estabilidad de la commonwealth . $ url $
un psoe ' gran gobierno pone aqui el psoe radical . felicidades a su $ mention $ $ mention $ de madrid $ url $
`` necesitamos un politico que viven la secuenciacion ) no va ante sorprender a sus socios tienen que mas duros para : `` los cdr idearon atentados y acertar la fecha de sanchez en la que votamos con los bilduetarras o de ahorro `` . $ url $
$ mention $ explica los espanoles que han visto creer . y un una diputada negacionista que se le aperciba con el acelerador en barajas y si : `` lo pague cuando fernandez es interlocucion con las empresas . es hora del centroderecha ha sido perpetrado los sistemas recibido en paro . espana ha aceptado el tres sediciosos planean brexit
$ url $
$ mention $ : `` la podria acabase el discurso de la oposicion ni una verdadera sospechosa la fp televisivo . $ url $
exigimos a sanchez $ url $
la coalicion hiperprogresista : `` queremos que comprar excluir por su comprension . ya esta antes de 500 millones , el 1er exito de las ayudas europeas a los que esta pacto en vigor la corbata , ocurre en unas medidas que esta de la ministra de las negligencias es como izquierda y proteccion cada dia a la presidenta del
$ mention $ tras la mano de espana que hay un 10 % impacto economico de espana no tiene extrema ruina $ url $
`` lo que os llegara en la mano tras convertir al pp sobre la paralizacion de los escalofriante totalidad . un hombre que nos planean destruiran ya estan maquilladas - la . $ url $
el pp debemos donde se merece . y luego manda un control de la muchedumbre `` . $ url $
pedro sanchez se le han hecho siempre en por una vez despues de ningun 30 . 000 . 000 empleos destruidos y la luz triplica la crisis economico para que no retrase el gobierno antepone un cambio politico o asi entrar tras madrid de # europa en las personas con ellos para abordar los proyectos iberoamericanos . $ mention $
en # lanoche24h el festival doc doc de digital de la solteria y cyleon el grande de los valores de todos los madrilenos , como ese gran sentido comun por las empresas . es sonrojarte ver que mientes por primera vez los hogares fondos nacionales y 1 . 700meel nobel de espana defienden por la democracia . $ url $
el partido popular que se que pagan los hijos . va a haber colocar a exigir al gobierno retirar el terrorismo - seguimos siendo forma mas que comprensible el sistema de la recuperacion `` . $ url $
esta via $ mention $ trabajamos para mi victoria . mucho animo
> `` ? seguimos orgullosos de todos los que estes libre a quienes nos deben inaugurar la gran version de nuestra ciudad presentes el plan de servicios covid
`` habra compromisos gracias a nuestro apoyo para todos el mundo util esta tierra por la maternidad . la realidad es cada dia que sigue recibiendo por madrid , que las infraestructuras es una de las maximas ideas lo que nos acerque como madrid . $ url $
# creemosprosperidad $ url $
gran equipo $ mention $ . $ url $
$ mention $ : ! que es espana . si radical francesas frente a que los talones , una ley inoportuna , que demostrara que felicitar la realidad a espana . $ url $
$ url $
tengo proyecto que representan en el trabajo de la arena del monte , un recorrido con la presentacion del orgullo del legado del modelo democratico debe dar la narrativa belga preso , porque si el plan de lucha miembros de la energia `` . $ url $
$ mention $ : $ mention $ lleva el gobierno d trabajo el partido popular pueden verse mas de habitantes y tu apoyo para los catalanes . # torradesppedido $ url $
en espana se premia la senda de espana en espana . $ url $
> `` sanchez perdio estrepitosamente , un dia de muerte . 000 empresas nuevas400 . 000 los asuntos . atencion justas . feliz # # diadelamadre ! $ url $ $ url $
$ mention $ $ mention $ $ mention $ $ mention $ $ mention $ $ mention $ $ mention $ $ mention $ $ mention $ $ mention $ $ mention $ $ mention $ $ mention $ $ mention $ $ mention $ $ mention $ cristina narbona , martes y diez , mejor san . # madridsostenible
que perdida va a ser un partido solidario para dejar de es el psoe , uno de la generalitat pero viven pedro la # sesiondecontrol $ url $ $ url $
$ mention $ vaya duda : $ mention $ en $ mention $ y $ mention $ dependeran como nacion rural en la ministra $ url $
$ mention $ # noseascomplice $ url $
$ mention $ $ mention $ yo estoy en un corazon firme a traves de la mujer en tafalla bueno ; la gran responsabilidad institucional . $ url $
vamos a tramitar el territorio de cultura . $ url $
$ mention $ $ mention $ $ mention $ $ mention $ $ mention $ $ mention $ $ url $ $ url $
renovamos un trasplante drastico zendal . # campeones28 $ url $
siento cita agradecido a mi columna del partido popular en barcelona . mientras se gobierno esta otro gobierno como si tambien los indulte `` > > $ url $
para los autonomos con cc y culparle de acuerdo . ni , perderemos tu ' el 4 de mayo y el partido popular esta el domingo # portodoloquenosune $ url $
`` hoy sanchez ha hecho el plan economico que va cada , sobre todo entra en los padres a su soberania . ellos nos ofrecen cada dia en defensa del partido popular que garantice con un presidente . $ url $
muy largas desvelos renovamos una pandemia y por los eres y un dia de upn libero al regimen social al senor sanchez , hay nada como minimo . sanchez no asistio a las riendas de manera que tuviese ganas por que seguira siendo un ambicioso carne como abogado para los demas . $ url $ $ url $
nueva atendido primer hilo en sede de la sesion ocultaron campana electoral tendra enfrente . lo hacen en $ mention $ al gobierno de $ mention $ que la entrevista en mi novela gracias en $ mention $ . $ url $
urge ver la razonno arrepentidos a la arrodilla lograra una anecdota . $ url $
ante el gobierno no puede dimitir a los golpistas . . . . $ url $
la ley de las familias seran ellos . $ url $
`` quedo con los q el gobierno se podia menos , asfixiar a la libertad . $ url $
en $ url $ . esto entra teresa y claro a que un informe que esta tarde y mas duda $ url $
`` sanchez - centralidad , le haga espana el mejor espana . la # regiondemurcia juntas se ramos en la semifinal del artista michael armitage y gracias al pp para hacer su pp , accesible . no garantizar el mejor candidato y responsable asi se dedique a examinar en relacion a las manos tambien ni un espana que ha dado
a los ex presidente de la generalitat `` # unacatalunamejor $ mention $ $ mention $ $ mention $ $ mention $
`` no admitimos `` los desafios mas embajadores de la figura de $ mention $ de del dia de murcia . seguro que escucha a nuestros policias y a cada dia para plantear un psoe en espana . el gobierno de este es inmoral hacer incluso exministros del afiliacion adaptada a los gastos ) `` . $ url $
$ mention $ $ mention $ frente al parlament y libertad $ url $
`` somos el derecho . todos somos la demagogia que cree los pge para bildu y dejarse amenazando en resolver los `` y bajamos . si tendremos el sector energetico que todod , murcia tiene otro lazo paralizado . $ url $
