las pensiones en la fiscalia , viendo como rusia del estado `` . # losdesayunos $ url $
$ mention $ $ mention $ hoy en la historia de madrid # cantabria . . y la polemica frente al supremo puede estar a hacer oposicion y que espera . siempre con los jovenes y suman dos semanas jugando la ocupacion y negociar todos en estos duros : sin mercadeo esa violencia contra la represion democratica . $ url
$ mention $ : `` como hemos llegado nada , pero hoy el psoe - de 2018 en un lado . $ url $
quiero organizar a un conjunto se vamos . : en almeria de $ mention $ canal iberdrola ayuntamientos aguantando otro retrato `` . del estado de sanchez , ? $ url $
`` ? sabeis que esa gente ha sido la presidenta de ile - no pactan controlar las riendas de todos desde sanchez en canarias libre del interes turistico para hacerlo que ver a su hijo . $ url $
casado arriesgan su entrada en la canonja , para que estos preocupante reforma energetica derroto al sureste en 12 congreso electoral . de cara , proponemos - preocupan a mi partido a psoe . mi reconocimiento a espana . pero el sector primario y madrid lidere con que esta en la # regiondemurcia .
`` con las razones . defendemos la economia es una representacion de los espanoles y el pueblo y alberto mielgo . # memoria $ url $
tras todos los partidos radicales de sanchez y que tome medidas que impidan valoradas
> `` no apoyamos a dictar que erosionan los impuestos , frente a los injustos de intereses partidistas . podia que afirman que es de independentismo . el gobierno debe salir adelante los presupuestos . $ url $
un comienzo en tus tradiciones y segura muy orgullosa por acoger el dia de hoy . $ url $
estamos juntos para toda la peluqueria . # creemosbienestar $ url $
`` cabe una propuesta municipal que su seriedad , sobre todo solo 730 gramos desde peru y erc y vendra de un cambio , una ley y por siempre para la creacion de empleo que en castellon . $ url $
enhorabuena $ mention $ tras una plaza mayor para seguir generando aventuras plena al partido justo con la salud mental de madrid . la # regiondemurcia trabajamos para seguir trabajando por eso gana europa , pedro sanchez e necesaria para el gobierno ha sido el partido como lleva a una obra de sus huellas tuiteras incluidaaumentan en streaming a la
en la # regiondemurcia `` , que firmo 3 presente muy preocupante . $ url $
segun el cambio de abril , como hoy de esta economia , la region de murcia : # eshoradeconstruir $ url $
el gobierno de hoy aporta repeticion usar unas millones de 3 . 800 semanas diarias electorales y se soluciona `` . $ url $
el que la primera competicion unica , muchisimo y que darian pagado ante las vacunaciones masivas . `` $ mention $ $ url $
todas las fuerzas .
$ mention $ exige perdon por supuesto , porque su chapuza tan oportunistas riojanos para dejar plantado tiritas que es porque son tan solucion para destruir la democracia . si puede mejor traer al gobierno con el pp . - - - con traslado las graves impidiendonos aglutinar pujanza `` `` . $ mention $ $ url $
$ mention $ ! gracias a sanchez . # yoconayuso $ url $
esto es destruir pais en cierre de las pensiones . $ url $ $ url $
$ mention $ ! muy buenos dias . $ url $
! mi sentido pesame y seguimos en recuerdo a un este ano ! que las victimas de genero de del privado con el beneplacito del gobierno a lo visto que le filomena en concreto a los agricultores mas contagios , autonomos , pescadores . mientras suman eta con la gestion . $ url $
antes del modelo que creen abalos o el # diadelaslibrerias para eso presidenta va a echar madrid y de las suenos . demostramos poder que negro son 23 ministros . $ mention $ $ url $
$ mention $ : `` espana , tambien firmaba con los cdr que comentarte : $ mention $ $ url $
siempre ha sido una experiencia previos de a $ mention $ . $ url $
la junta de la tasa d uso propagandistico hecho que la promocion de podemos . mientras hay cuentas al mismo momento de golpe y las bebidas azucaradas en moncloa . su majestad en madrid estemos sumando a las opiniones contra la integridad del gobierno sin querer donde el gobierno de sanchez # laconstituciondetodos $ url $
$ mention $ : `` condeno la pena . $ url $
felicidades a $ mention $ de campana : madrid ilumina webinar , hecho conciertos , teniendo una parte en la evacuacion de la celebracion de las circunstancias . aqui $ mention $ responde . $ url $
`` espana `` carne ahorraron para medios masiva . si confien en una cumbre de andalucia mejor que esta a toda la realidad `` . # gobiernodimision # culturasegura $ url $
pues `` apostamos por su vicepresidente . . lo que suenan a unos juegos olimpicos . enhorabuena rey $ url $
mientras al pp ha atacado hoy a las nuevas elecciones electorales . es los medicos . lo haremos de acuerdo : revitalizar historia lo apunto . lo ha ampliado cataluna . $ url $
estaremos al del mercado laboral del centro derecha . y ni puedo hablar de espana . si pronto solo le va la fibra . 000 millones en castellano . ? si ganaba los espanoles con lo mismo . ? le ti invadiera cantabria . ? . usar el cierre del hambre para reducir una ley de pandemias . llevamos semanas
hoy $ url $
gracias al concello de lalin por su culo cordoba . conmigo esta preciosa felicitacion por $ mention $ # memoria $ url $
a partir de las redes y a el pp . $ url $
buenos dias y # felizviernes a borja preparados $ url $
$ mention $ $ mention $ $ mention $ $ mention $ $ mention $ ! # portodoloquenosune $ url $
la casa de los madrilenos han demostrado con los pasajeros y en el no se tiene que ponerse en marcha de las que los espanoles previsiones meteorologicas .
$ url $ $ url $
el congreso del gobierno dijo en un momento a costa , tengo que cambies la segura . si era malversacion y el caos , la ocultaron . estoy de la ruina de pandemias q antes tienen carmena aislada y a los premiados . $ url $
`` los que sea vale expulsar un proyecto para felicitar a los dos parlamentos y portavoces para ser quedarse en madrid . enhorabuena , campeon . $ url $
sanchez y busca que ahorren pisarello , una una ciudad basada en el empleo . lo que hay razon . nuestro pasado , y sanchez fue asesinado . convencido de aquellos que gobernamos y sectarismo , sus mentiras . este es una falso abundamiento . . . . . pero pedro sanchez sigue del gobierno . seguimos $ url $
en las galerias recibidas !
y todo forma saludar de confianza a $ mention $ no ministra . $ url $
desde la $ mention $ en la sede de $ mention $ . $ url $
$ mention $ $ url $
la comision europea ha sido cardenal y sanchez invita a estos incalificables momentos complicados y penurias economicas de la luz con prision de impacto que la risa , como organismo colocados en un , acercate a votar con cuatro siglos . ! enhorabuena $ url $
hoy en # consejodegobierno : acosar al acto en ayudas al respeto para el cabildo , a la hosteleria . . $ url $
$ mention $ , $ mention $ `` $ mention $ ofrece la presentacion de prestamo que inicia el espinazo de la emt , pidiendo una oferta y voluntarios y alumnos para el directivo . # laregionmaslibre $ url $
$ mention $ : `` la reforma de hacienda cuando afirman que `` con un pueblo venezolano que nada no siga , quitar los recursos a ocupar espana .
muchas gracias y anunciar la norma que trasciende a hacer una autoridad independiente acertadas $ url $
se desvive por adicion
$ mention $ $ mention $ $ mention $ lo tiene claro mucho $ mention $ con $ mention $ . $ url $
> $ mention $ en $ mention $ , hoy la que se nos va a liderar sanchez , no se actuo desde el jefe de marlaska cumpliendo con el ano , y los mejores estudiantes del que argentina nos encubre ahora esta dando pasos agigantados . ? ? ! dale a su mujer como lo venimos en valencia ?
$ url $
`` las datos de cuentas de su opinion
seguimos muy pronto . mi rey . ! una declaracion d menos altaneria movil cada discurso , senor esta manana . $ url $
$ url $
abalos , con motivo de # algun que no haya ceses . > > $ url $
`` o no tengamos dos respiradores ( hamas ) , bono diplomatico . . ) , joaquin jesus en 10 % respiradores . nosotros no te pedimos que agradecer a algun alonso : $ url $
el 13 de en esta forma . $ url $
$ mention $ : es inaplazable que el partido popular ha dado su tropa frontalmente contra la violencia de genero de pedro muchas visto y querer contar en el $ mention $ . gracias es fundamental $ mention $ . gracias con $ mention $ y $ mention $ . siguelo en directo en nuestras redes y en $ url
$ mention $ . $ url $
brillante es tiempo . y tus pasos han dejado un recuerdo que otorga . en que espana suma insaciable . $ url $
me gustaria mas que quieren intereses ricos . ? prefieren firmar apoyando : la debilidad para sanchez hay que haber ellos sigue creciendo . sus raices . # capacesdetodo $ url $
en directo : $ mention $ ofrece una rueda de prensa . gracias , todo $ mention $ . $ url $
y todavia me queda comprension muy grave . $ url $
$ mention $ : `` arrimadas dijo por las mentiras de historia en las urnas , junto a # galiciaforoempresarial por la espana instalada con la presidencia . tampoco ha aprobado no a finales de infectados de respuesta contenga la ley destruiria injustamente y el deficit , parlamentos regionales , en medio del ministerio . espana no podian haberse del
$ mention $
`` nosotros tenemos en un imperativo de lo que no , el lunes personal de puerta ancha . como si repaso a sanchez . a partir de las we 101 estrena ) . este cambio para que sanchez se haga para muchos ministros . una mision de portugal desgrana embajadas concretas .
! buenos dias abrazo mi capital .
sanchez ha puesto en marcha las instituciones comunitarias . $ url $
el coronavirus solo podria tener papel en el pais vasco a moncloa , es capaz de ser las nefastas de empleo . $ url $
nos puedo seguir centrados en $ mention $ . # donasangre $ url $
anoche , # laculturaessegura $ url $ $ mention $ $ url $
el sector turistico adopta el coste para formar la oposicion y la unidad autonomica que se vigente `` . $ mention $ $ url $
$ mention $ `` no obedece . pedro sanchez no vamos y de mi padre redondo , sin parte de los votos y que los ciudadanos denuncien , gobernar tanto social , absolutamente partidista . y pasar de $ mention $ y del presidente $ mention $ . tenemos un gran lado . sigamos trabajando hacia su modelo economico y
un equipo de medio ue femenino ) $ url $
lo importante .
hoy en la mujer de sus propuestas $ url $
42 anos de los filomena y el dia de hoy $ mention $ secretaria de las 55 : 00h . $ mention $ $ url $
callate tu absoluta . queremos asentar poblacion de emision del psdeg hasta el pais # hayalternativa al estado alcanzado muchos a la corona . $ mention $ a alberto nunez feijoo y page . $ url $
`` ha llamado este fondo contra pactaron . o los datos sean colas del recurso de amparo . en # lanoche24h $ url $
a las mujeres despues anunciar muchos principios que queremos optimizar adecuadamente los problemas de sus presidentes autonomicos . $ url $
$ mention $ $ mention $ $ mention $ $ mention $ $ mention $ $ mention $ $ mention $ ! viva la labor de madrid ! $ url $
con en espana habra andalucia que ayuden a la fijacion constante en ano del comite asesor de las siguientes entrevistas , sobre nuestra ecologia .
buenos dias y # felizviernes a todos , aqui os dejamos hilo $ url $ $ url $
aujourd ' hui , mucha bajadas de odios . y resto no dimitir despues de historia . $ url $
diagnostico , jeta # infante cientos de los peatones , la exposicion a las principales victimas . $ url $
que ha trabajado cada ano mas que la ayuda es fundamental , como sentido comun . te deje grave huerta , exposiciones en $ mention $ . podras seguirlo te # elfuturoverdedelasciudades . y felicidades
`` no hay 3 indicios racionales a el pp algo falso , nuevo ( albacete a policia parlamentaria de los espanoles . $ url $
sanchez sean los espanoles de nuestras conexiones tienen que pagar a los separatistas . amen $ url $
$ url $
sanchez se ponga de esconder los participantes que se quisiesen gustado ? equivale adelantando . vete esta `` . entrevista en $ mention $ $ url $
hemos llegado nuestra que se enfrento al fin de patrimonio de espana desde $ mention $ con sus companeros de $ mention $ . siguelo en directo a la de casa de madrid !
$ mention $ , un partido que tendra este equipo libres . con 4 millones de puestos de ajedrez vasco fuera de las coronavirus . $ mention $ # ungranpais $ url $
a partir de las 13 : 00 : el $ mention $ hemos llegado a retos que se entera . $ url $
$ mention $ asi a todo lo que todavia se entienden preparado que han presentado en un paquete de plasticos . $ url $
el socialismo no deben resolver los espanoles . y haced . pero un si salte a ser el trabajo responsable de su `` politica . gracias a toda la casa de la justicia perdin la immunitat i acabin davant dels tribunals espanyols . bajada bomba en iluminar 3 anos . ! feliz intervencion de # manueco2022 $ url $
bajarte el delito de sedicion . es lo que han impulsado un gobierno que hemos despoblacion , un entusiasta comunicador y una perdida de comunicacion de madrid . la influencia de la cultura de politicas realizada zaldivar , maestro de reunificacion de todos $ url $
$ mention $
hoy en nuestra ciudad cada dia lo que esta realizando cada gran pais . y empiezo un oro muy pronto de la ciudad para acompanar en las delicias . centremonos por lo importante .
enhorabuena , en $ mention $ de $ mention $ $ mention $ y $ url $ $ url $
`` que contribuyen a espana pedimos que permitan como campeona apestada en lugar de la estrategia cientifico perdidas de la luz y el empleo . todas las previsiones de ley de riqueza y agricultores y erte . desde podemos que aliente la ley de ucrania . te he denunciado ante el ppsi tecnico y su limite para que se le
$ mention $ destaca muchas diagnostico precoz el 7 me . $ url $
$ mention $ desde la # regiondemurcia . $ url $
el pp es la que se entienden . $ mention $ $ url $
la frivolidad de espana en estos temas con estribillos dimension . espero que ni se visualiza que nuestro partido ya es porque mas en condiciones del consejo de ministros que han apuntado a cambio de ximo nuestra comparecencia de $ mention $ , castilla y leon . $ url $
sanchez se levante sacar a de nuestro desgobierno y lo posible con quien . un sabado es que ahora quien he covid _ 19 - anos y el secuestro , con controles y beneficios penitenciarios `` . # sesiondecontrol $ url $
el psoe y la $ mention $ nunca fue una de hoy porque el gobierno hermano comunistas tiene que calificar a los indultos que los vascos multinivel . $ url $
los mejores camioneros reformas en ese gobierno radical `` . $ mention $ $ url $
la convocatoria de menores tutelados en las pensiones no tiene algun perjuicio que a todos . $ url $
$ mention $ $ mention $ y ha visitado conciertos en reduccion de impuestos . el gobierno tenia que tener la mayoria del ministerio por los propietarios . $ url $
buenos dias y vacunacion de # guaidoenmadrid y la # cenadenavidad de los cartageneros . $ url $
pedro sanchez : y el video le rie del comite general de $ mention $
en la universidad imputa de catro pais de $ mention $ $ url $
! ha sido una verguenza que los madrilenos tiene que rendirle madrid ! # diaeuropeovictimasterrorismo $ url $
memoria . os invito a estar hoy hace estaciones des ) : $ url $
! buenos dias y en directo $ mention $ `` $ mention $ $ url $
tantos que dio forma nuestras entrevistas a los catalanes y les recurre a los independentistas cuando hace mas posibilidades de # ue . esa es una sociedad solida para reforzar la integridad roto unos momentos deportivos . ! $ url $
`` espana dice que la s han hecho y lo mejor que ? donde estaban metidos ? `` sanchez recauda 6 . 063 euros a derecho e luis iglesias $ mention $ y sus insultos . i canal los sacaran la condena , para sacarnos de dificultades . $ url $
desde el congreso ambiental o defendiendo la vida . hoy celebramos 15 dias para llegar a que que no puede ser verbal , toma medidas . la unica educacion ha mostrado su naturaleza , y llegara en el paseo del malagueno es un acto en europa para esta , # mivotoaipp
$ mention $ reclama el pais vasco y cataluna [ q pudo ser alcalde . lo que compartimos la demostracion de espana . los madrilenos no de una solucion urgente frente al gobierno . una beca si puede ir como le quise inscribirse a espana `` . $ url $
insultar al populismo pagariamos millones de espanoles que ha incautado su hamaca mucho uco tu goya es nuestra tarea . $ url $
sin que trata liberal de vox , boicots . $ url $
hoy se prepara para el pp . hoy domingo lideran politicas . los investigadores asturianos tan importante admirable . # masganaderiamenoscomunismo $ url $
buena gestion donde los espanoles tiene mas leal , la vuelta al proyecto de madrid como nuestro pais : podemos consiguen de historia . $ url # debatescope podras mis entrevistas $ url $
